// Jest Snapshot v1, https://goo.gl/fbAQLP

exports[`SearchBar SearchBar component snapshot 1`] = `
.c0 {
  display: -webkit-box;
  display: -webkit-flex;
  display: -ms-flexbox;
  display: flex;
  -webkit-align-items: center;
  -webkit-box-align: center;
  -ms-flex-align: center;
  align-items: center;
  height: 100px;
  background: var(--darkGrey);
  padding: 0 20px;
}

.c1 {
  position: relative;
  max-width: var(--maxWidth);
  width: 100%;
  height: 55px;
  background: var(--medGrey);
  margin: 0 auto;
  border-radius: 40px;
  color: var(--white);
}

.c1 img {
  position: absolute;
  left: 15px;
  top: 14px;
  width: 30px;
}

.c1 input {
  font-size: var(--fontBig);
  position: absolute;
  left: 0;
  margin: 8px 0;
  padding: 0 0 0 60px;
  border: 0;
  width: 95%;
  background: transparent;
  height: 40px;
  color: var(--white);
}

.c1 input:focus {
  outline: none;
}

<div
  className="c0"
>
  <div
    className="c1"
  >
    <img
      alt="search-icon"
      src="search-icon.svg"
    />
    <input
      onChange={[Function]}
      placeholder="Search Movie"
      type="text"
      value=""
    />
  </div>
</div>
`;
